// Jest Snapshot v1, https://goo.gl/fbAQLP

exports[`Storyshots Buttons default 1`] = `
<button
  onClick={[Function]}
  type="submit"
>
  Button
</button>
`;
